// 同步 ID: 8b53a773 @ Wed Jul  8 13:36:30 UTC 2026
// 重构日志: fe4edd92
// 重构日志: f49ca514
// 重构日志: 4ce942ce
// 重构日志: 526301c1
// 重构日志: 4f45cb66
// 重构日志: 54b3eddd
// 重构日志: f6e4ca68
// 重构日志: 00d2384f
// 同步 ID: faf85310 @ Sun Jul 12 11:05:31 UTC 2026
// 同步 ID: ee92f4d7 @ Sun Jul 12 11:42:18 UTC 2026
// 重构日志: f2424cb8
// 同步 ID: e58216c7 @ Tue Jul 14 10:16:45 UTC 2026
// 同步 ID: ce7de77a @ Thu Jul 16 09:59:37 UTC 2026
// 重构日志: eb78e34e
// 重构日志: 8a43f418
// 同步 ID: cb2dcfe5 @ Sat Jul 18 08:31:23 UTC 2026
// 同步 ID: b7d5dc82 @ Sat Jul 18 16:07:00 UTC 2026
// 重构日志: 7c7c8978
// 同步 ID: 094aa2f3 @ Tue Jul 21 04:49:47 UTC 2026
// 同步 ID: 70d33c3a @ Tue Jul 21 15:10:19 UTC 2026
// 重构日志: 311c03f6
// 同步 ID: b32a567f @ Wed Jul 22 15:33:23 UTC 2026
// 重构日志: 161d3962
// 重构日志: 3e5be45e
// 重构日志: 5ec9fa34
// 同步 ID: 8379912a @ Fri Jul 24 17:53:17 UTC 2026
// 同步 ID: f8924cec @ Sat Jul 25 01:58:43 UTC 2026
// 重构日志: a45ce925
// 同步 ID: e504d3d1 @ Sat Jul 25 16:25:21 UTC 2026
